[2025-05-24 07:33:04] Starting progress fetch for user ID: 1
[2025-05-24 07:33:04] Database connection successful
[2025-05-24 07:33:04] user_progress table does not exist, creating it
[2025-05-24 07:33:04] user_progress table created successfully
[2025-05-24 07:33:04] Found 0 progress records for user
[2025-05-24 07:33:04] Created new progress record for course 1
[2025-05-24 07:33:04] Created new progress record for course 2
[2025-05-24 07:33:04] Created new progress record for course 3
[2025-05-24 07:33:04] Created new progress record for course 4
[2025-05-24 07:33:04] Created new progress record for course 5
[2025-05-24 07:33:04] Successfully prepared course progress data
[2025-05-24 07:33:13] Starting progress fetch for user ID: 1
[2025-05-24 07:33:13] Database connection successful
[2025-05-24 07:33:13] Found 5 progress records for user
[2025-05-24 07:33:13] Successfully prepared course progress data
[2025-05-24 07:34:34] Starting progress fetch for user ID: 1
[2025-05-24 07:34:34] Database connection successful
[2025-05-24 07:34:34] Found 5 progress records for user
[2025-05-24 07:34:34] Successfully prepared course progress data
[2025-05-24 07:34:44] Starting progress fetch for user ID: 1
[2025-05-24 07:34:44] Database connection successful
[2025-05-24 07:34:44] Found 5 progress records for user
[2025-05-24 07:34:44] Successfully prepared course progress data
[2025-05-24 07:34:57] Starting progress fetch for user ID: 1
[2025-05-24 07:34:57] Database connection successful
[2025-05-24 07:34:57] Found 5 progress records for user
[2025-05-24 07:34:57] Successfully prepared course progress data
[2025-05-24 07:35:42] Starting progress fetch for user ID: 1
[2025-05-24 07:35:42] Database connection successful
[2025-05-24 07:35:42] Found 5 progress records for user
[2025-05-24 07:35:42] Successfully prepared course progress data
[2025-05-24 07:35:52] Starting progress fetch for user ID: 1
[2025-05-24 07:35:52] Database connection successful
[2025-05-24 07:35:52] Found 5 progress records for user
[2025-05-24 07:35:52] Successfully prepared course progress data
[2025-05-24 07:37:11] Starting progress fetch for user ID: 1
[2025-05-24 07:37:11] Database connection successful
[2025-05-24 07:37:11] Successfully prepared course progress data
[2025-05-24 07:37:21] Starting progress fetch for user ID: 1
[2025-05-24 07:37:21] Database connection successful
[2025-05-24 07:37:21] Successfully prepared course progress data
[2025-05-24 07:37:52] Starting progress fetch for user ID: 1
[2025-05-24 07:37:52] Database connection successful
[2025-05-24 07:37:52] Successfully prepared course progress data
[2025-05-24 07:37:58] Starting progress fetch for user ID: 1
[2025-05-24 07:37:58] Database connection successful
[2025-05-24 07:37:58] Successfully prepared course progress data
[2025-05-24 07:37:59] Starting progress fetch for user ID: 1
[2025-05-24 07:37:59] Database connection successful
[2025-05-24 07:37:59] Successfully prepared course progress data
[2025-05-24 07:38:16] Starting progress fetch for user ID: 1
[2025-05-24 07:38:16] Database connection successful
[2025-05-24 07:38:16] Successfully prepared course progress data
[2025-05-24 07:38:19] Starting progress fetch for user ID: 1
[2025-05-24 07:38:19] Database connection successful
[2025-05-24 07:38:19] Successfully prepared course progress data
[2025-05-24 07:38:20] Starting progress fetch for user ID: 1
[2025-05-24 07:38:20] Database connection successful
[2025-05-24 07:38:20] Successfully prepared course progress data
[2025-05-24 07:38:38] Starting progress fetch for user ID: 1
[2025-05-24 07:38:38] Database connection successful
[2025-05-24 07:38:38] Successfully prepared course progress data
[2025-05-24 07:38:46] Starting progress fetch for user ID: 1
[2025-05-24 07:38:46] Database connection successful
[2025-05-24 07:38:46] Successfully prepared course progress data
[2025-05-24 07:39:07] Starting progress fetch for user ID: 1
[2025-05-24 07:39:07] Database connection successful
[2025-05-24 07:39:07] Successfully prepared course progress data
[2025-05-24 07:39:18] Starting progress fetch for user ID: 1
[2025-05-24 07:39:18] Database connection successful
[2025-05-24 07:39:18] Successfully prepared course progress data
[2025-05-24 07:39:28] Starting progress fetch for user ID: 1
[2025-05-24 07:39:28] Database connection successful
[2025-05-24 07:39:28] Successfully prepared course progress data
[2025-05-24 07:39:58] Starting progress fetch for user ID: 1
[2025-05-24 07:39:58] Database connection successful
[2025-05-24 07:39:58] Successfully prepared course progress data
[2025-05-24 07:40:28] Starting progress fetch for user ID: 1
[2025-05-24 07:40:28] Database connection successful
[2025-05-24 07:40:28] Successfully prepared course progress data
[2025-05-24 07:40:58] Starting progress fetch for user ID: 1
[2025-05-24 07:40:58] Database connection successful
[2025-05-24 07:40:58] Successfully prepared course progress data
[2025-05-24 07:41:24] Starting progress fetch for user ID: 1
[2025-05-24 07:41:24] Database connection successful
[2025-05-24 07:41:24] Successfully prepared course progress data
[2025-05-24 07:41:28] Starting progress fetch for user ID: 1
[2025-05-24 07:41:28] Database connection successful
[2025-05-24 07:41:28] Successfully prepared course progress data
[2025-05-24 07:41:58] Starting progress fetch for user ID: 1
[2025-05-24 07:41:58] Database connection successful
[2025-05-24 07:41:58] Successfully prepared course progress data
[2025-05-24 07:42:01] Starting progress fetch for user ID: 1
[2025-05-24 07:42:01] Database connection successful
[2025-05-24 07:42:01] Successfully prepared course progress data
[2025-05-24 07:42:01] Starting progress fetch for user ID: 1
[2025-05-24 07:42:01] Database connection successful
[2025-05-24 07:42:01] Successfully prepared course progress data
[2025-05-24 07:42:02] Starting progress fetch for user ID: 1
[2025-05-24 07:42:02] Database connection successful
[2025-05-24 07:42:02] Successfully prepared course progress data
[2025-05-24 07:42:11] Starting progress fetch for user ID: 1
[2025-05-24 07:42:11] Database connection successful
[2025-05-24 07:42:11] Successfully prepared course progress data
[2025-05-24 07:42:22] Starting progress fetch for user ID: 1
[2025-05-24 07:42:22] Database connection successful
[2025-05-24 07:42:22] Successfully prepared course progress data
[2025-05-24 07:42:27] Starting progress fetch for user ID: 1
[2025-05-24 07:42:27] Database connection successful
[2025-05-24 07:42:27] Successfully prepared course progress data
[2025-05-24 07:42:51] Starting progress fetch for user ID: 1
[2025-05-24 07:42:51] Database connection successful
[2025-05-24 07:42:51] Successfully prepared course progress data
[2025-05-24 07:43:00] Starting progress fetch for user ID: 1
[2025-05-24 07:43:00] Database connection successful
[2025-05-24 07:43:00] Successfully prepared course progress data
[2025-05-24 07:43:13] Starting progress fetch for user ID: 1
[2025-05-24 07:43:13] Database connection successful
[2025-05-24 07:43:13] Successfully prepared course progress data
[2025-05-24 07:48:30] Starting progress fetch for user ID: 1
[2025-05-24 07:48:30] Database connection successful
[2025-05-24 07:48:30] Successfully prepared course progress data
[2025-05-24 07:49:00] Starting progress fetch for user ID: 1
[2025-05-24 07:49:00] Database connection successful
[2025-05-24 07:49:00] Successfully prepared course progress data
[2025-05-24 07:49:15] Starting progress fetch for user ID: 1
[2025-05-24 07:49:15] Database connection successful
[2025-05-24 07:49:15] Successfully prepared course progress data
[2025-05-24 07:49:30] Starting progress fetch for user ID: 1
[2025-05-24 07:49:30] Database connection successful
[2025-05-24 07:49:30] Successfully prepared course progress data
[2025-05-24 07:50:00] Starting progress fetch for user ID: 1
[2025-05-24 07:50:00] Database connection successful
[2025-05-24 07:50:00] Successfully prepared course progress data
[2025-05-24 07:50:02] Starting progress fetch for user ID: 1
[2025-05-24 07:50:02] Database connection successful
[2025-05-24 07:50:02] Successfully prepared course progress data
[2025-05-24 07:50:04] Starting progress fetch for user ID: 1
[2025-05-24 07:50:04] Database connection successful
[2025-05-24 07:50:04] Successfully prepared course progress data
[2025-05-24 07:50:04] Starting progress fetch for user ID: 1
[2025-05-24 07:50:04] Database connection successful
[2025-05-24 07:50:04] Successfully prepared course progress data
[2025-05-24 07:50:06] Starting progress fetch for user ID: 1
[2025-05-24 07:50:06] Database connection successful
[2025-05-24 07:50:06] Successfully prepared course progress data
[2025-05-24 07:50:07] Starting progress fetch for user ID: 1
[2025-05-24 07:50:07] Database connection successful
[2025-05-24 07:50:07] Successfully prepared course progress data
[2025-05-24 07:50:08] Starting progress fetch for user ID: 1
[2025-05-24 07:50:08] Database connection successful
[2025-05-24 07:50:08] Successfully prepared course progress data
[2025-05-24 07:50:08] Starting progress fetch for user ID: 1
[2025-05-24 07:50:08] Database connection successful
[2025-05-24 07:50:08] Successfully prepared course progress data
[2025-05-24 07:50:09] Starting progress fetch for user ID: 1
[2025-05-24 07:50:09] Database connection successful
[2025-05-24 07:50:09] Successfully prepared course progress data
[2025-05-24 07:50:09] Starting progress fetch for user ID: 1
[2025-05-24 07:50:09] Database connection successful
[2025-05-24 07:50:09] Successfully prepared course progress data
[2025-05-24 07:50:09] Starting progress fetch for user ID: 1
[2025-05-24 07:50:09] Database connection successful
[2025-05-24 07:50:09] Successfully prepared course progress data
[2025-05-24 07:50:10] Starting progress fetch for user ID: 1
[2025-05-24 07:50:10] Database connection successful
[2025-05-24 07:50:10] Successfully prepared course progress data
[2025-05-24 07:50:13] Starting progress fetch for user ID: 1
[2025-05-24 07:50:13] Database connection successful
[2025-05-24 07:50:13] Successfully prepared course progress data
[2025-05-24 07:50:18] Starting progress fetch for user ID: 1
[2025-05-24 07:50:18] Database connection successful
[2025-05-24 07:50:18] Successfully prepared course progress data
[2025-05-24 07:50:49] Starting progress fetch for user ID: 1
[2025-05-24 07:50:49] Database connection successful
[2025-05-24 07:50:49] Successfully prepared course progress data
[2025-05-24 07:51:19] Starting progress fetch for user ID: 1
[2025-05-24 07:51:19] Database connection successful
[2025-05-24 07:51:19] Successfully prepared course progress data
[2025-05-24 07:51:49] Starting progress fetch for user ID: 1
[2025-05-24 07:51:49] Database connection successful
[2025-05-24 07:51:49] Successfully prepared course progress data
[2025-05-24 07:52:19] Starting progress fetch for user ID: 1
[2025-05-24 07:52:19] Database connection successful
[2025-05-24 07:52:19] Successfully prepared course progress data
[2025-05-24 07:52:49] Starting progress fetch for user ID: 1
[2025-05-24 07:52:49] Database connection successful
[2025-05-24 07:52:49] Successfully prepared course progress data
[2025-05-24 07:53:15] Starting progress fetch for user ID: 1
[2025-05-24 07:53:15] Database connection successful
[2025-05-24 07:53:15] Successfully prepared course progress data
[2025-05-24 07:53:18] Starting progress fetch for user ID: 1
[2025-05-24 07:53:18] Database connection successful
[2025-05-24 07:53:18] Successfully prepared course progress data
[2025-05-24 07:53:29] Starting progress fetch for user ID: 1
[2025-05-24 07:53:29] Database connection successful
[2025-05-24 07:53:29] Successfully prepared course progress data
[2025-05-24 07:54:39] Starting progress fetch for user ID: 1
[2025-05-24 07:54:39] Database connection successful
[2025-05-24 07:54:39] user_progress table does not exist, creating it
[2025-05-24 07:54:39] user_progress table created successfully
[2025-05-24 07:54:39] Created new progress record for course 1
[2025-05-24 07:54:39] Created new progress record for course 2
[2025-05-24 07:54:39] Created new progress record for course 3
[2025-05-24 07:54:39] Created new progress record for course 4
[2025-05-24 07:54:39] Created new progress record for course 5
[2025-05-24 07:54:39] Successfully prepared course progress data
[2025-05-24 07:54:56] Starting progress fetch for user ID: 1
[2025-05-24 07:54:56] Database connection successful
[2025-05-24 07:54:56] Successfully prepared course progress data
[2025-05-24 07:55:13] Starting progress fetch for user ID: 1
[2025-05-24 07:55:13] Database connection successful
[2025-05-24 07:55:13] Successfully prepared course progress data
[2025-05-24 07:55:25] Starting progress fetch for user ID: 1
[2025-05-24 07:55:25] Database connection successful
[2025-05-24 07:55:25] Successfully prepared course progress data
[2025-05-24 07:55:35] Starting progress fetch for user ID: 1
[2025-05-24 07:55:35] Database connection successful
[2025-05-24 07:55:35] Successfully prepared course progress data
[2025-05-24 07:55:49] Starting progress fetch for user ID: 1
[2025-05-24 07:55:49] Database connection successful
[2025-05-24 07:55:49] Successfully prepared course progress data
[2025-05-24 07:56:01] Starting progress fetch for user ID: 1
[2025-05-24 07:56:01] Database connection successful
[2025-05-24 07:56:01] Successfully prepared course progress data
[2025-05-24 07:58:07] Starting progress fetch for user ID: 1
[2025-05-24 07:58:07] Database connection successful
[2025-05-24 07:58:07] Successfully prepared course progress data
[2025-05-24 07:58:37] Starting progress fetch for user ID: 1
[2025-05-24 07:58:37] Database connection successful
[2025-05-24 07:58:37] Successfully prepared course progress data
[2025-05-24 07:59:07] Starting progress fetch for user ID: 1
[2025-05-24 07:59:07] Database connection successful
[2025-05-24 07:59:07] Successfully prepared course progress data
[2025-05-24 07:59:18] Starting progress fetch for user ID: 1
[2025-05-24 07:59:18] Database connection successful
[2025-05-24 07:59:18] Successfully prepared course progress data
[2025-05-24 07:59:37] Starting progress fetch for user ID: 1
[2025-05-24 07:59:37] Database connection successful
[2025-05-24 07:59:37] Successfully prepared course progress data
[2025-05-24 08:00:07] Starting progress fetch for user ID: 1
[2025-05-24 08:00:07] Database connection successful
[2025-05-24 08:00:07] Successfully prepared course progress data
[2025-05-24 08:00:17] Starting progress fetch for user ID: 1
[2025-05-24 08:00:17] Database connection successful
[2025-05-24 08:00:17] Successfully prepared course progress data
[2025-05-24 08:00:37] Starting progress fetch for user ID: 1
[2025-05-24 08:00:37] Database connection successful
[2025-05-24 08:00:37] Successfully prepared course progress data
[2025-05-24 08:00:37] User not logged in
[2025-05-24 08:01:07] Starting progress fetch for user ID: 1
[2025-05-24 08:01:07] Database connection successful
[2025-05-24 08:01:07] Successfully prepared course progress data
[2025-05-24 08:01:37] Starting progress fetch for user ID: 1
[2025-05-24 08:01:37] Database connection successful
[2025-05-24 08:01:37] Successfully prepared course progress data
[2025-05-24 08:01:55] Starting progress fetch for user ID: 2
[2025-05-24 08:01:55] Database connection successful
[2025-05-24 08:01:55] Created new progress record for course 1
[2025-05-24 08:01:55] Created new progress record for course 2
[2025-05-24 08:01:55] Created new progress record for course 3
[2025-05-24 08:01:55] Created new progress record for course 4
[2025-05-24 08:01:55] Created new progress record for course 5
[2025-05-24 08:01:55] Successfully prepared course progress data
[2025-05-24 08:02:38] Starting progress fetch for user ID: 1
[2025-05-24 08:02:38] Database connection successful
[2025-05-24 08:02:38] Successfully prepared course progress data
[2025-05-24 08:02:46] Starting progress fetch for user ID: 2
[2025-05-24 08:02:46] Database connection successful
[2025-05-24 08:02:46] Successfully prepared course progress data
[2025-05-24 08:03:04] Starting progress fetch for user ID: 2
[2025-05-24 08:03:04] Database connection successful
[2025-05-24 08:03:04] Successfully prepared course progress data
[2025-05-24 08:03:19] Starting progress fetch for user ID: 2
[2025-05-24 08:03:19] Database connection successful
[2025-05-24 08:03:19] Successfully prepared course progress data
[2025-05-24 08:03:39] Starting progress fetch for user ID: 1
[2025-05-24 08:03:39] Database connection successful
[2025-05-24 08:03:39] Successfully prepared course progress data
[2025-05-24 08:04:00] Starting progress fetch for user ID: 2
[2025-05-24 08:04:00] Database connection successful
[2025-05-24 08:04:00] Successfully prepared course progress data
[2025-05-24 08:04:31] Starting progress fetch for user ID: 2
[2025-05-24 08:04:31] Database connection successful
[2025-05-24 08:04:31] Successfully prepared course progress data
[2025-05-24 08:04:40] Starting progress fetch for user ID: 1
[2025-05-24 08:04:40] Database connection successful
[2025-05-24 08:04:40] Successfully prepared course progress data
[2025-05-24 08:04:57] Starting progress fetch for user ID: 1
[2025-05-24 08:04:57] Database connection successful
[2025-05-24 08:04:57] Successfully prepared course progress data
[2025-05-24 08:05:01] Starting progress fetch for user ID: 2
[2025-05-24 08:05:01] Database connection successful
[2025-05-24 08:05:01] Successfully prepared course progress data
[2025-05-24 08:05:06] Starting progress fetch for user ID: 1
[2025-05-24 08:05:06] Database connection successful
[2025-05-24 08:05:06] Successfully prepared course progress data
[2025-05-24 08:05:07] Starting progress fetch for user ID: 1
[2025-05-24 08:05:07] Database connection successful
[2025-05-24 08:05:07] Successfully prepared course progress data
[2025-05-24 08:05:31] Starting progress fetch for user ID: 2
[2025-05-24 08:05:31] Database connection successful
[2025-05-24 08:05:31] Successfully prepared course progress data
[2025-05-24 08:05:37] Starting progress fetch for user ID: 1
[2025-05-24 08:05:37] Database connection successful
[2025-05-24 08:05:37] Successfully prepared course progress data
[2025-05-24 08:05:50] Starting progress fetch for user ID: 1
[2025-05-24 08:05:50] Database connection successful
[2025-05-24 08:05:50] Successfully prepared course progress data
[2025-05-24 08:06:01] Starting progress fetch for user ID: 2
[2025-05-24 08:06:01] Database connection successful
[2025-05-24 08:06:01] Successfully prepared course progress data
[2025-05-24 08:06:05] Starting progress fetch for user ID: 1
[2025-05-24 08:06:05] Database connection successful
[2025-05-24 08:06:05] Successfully prepared course progress data
[2025-05-24 08:06:07] Starting progress fetch for user ID: 1
[2025-05-24 08:06:07] Database connection successful
[2025-05-24 08:06:07] Successfully prepared course progress data
[2025-05-24 08:06:31] Starting progress fetch for user ID: 2
[2025-05-24 08:06:31] Database connection successful
[2025-05-24 08:06:31] Successfully prepared course progress data
[2025-05-24 08:06:37] Starting progress fetch for user ID: 1
[2025-05-24 08:06:37] Database connection successful
[2025-05-24 08:06:37] Successfully prepared course progress data
[2025-05-24 08:07:01] Starting progress fetch for user ID: 2
[2025-05-24 08:07:01] Database connection successful
[2025-05-24 08:07:01] Successfully prepared course progress data
[2025-05-24 08:07:31] Starting progress fetch for user ID: 2
[2025-05-24 08:07:31] Database connection successful
[2025-05-24 08:07:31] Successfully prepared course progress data
[2025-05-24 08:07:38] Starting progress fetch for user ID: 1
[2025-05-24 08:07:38] Database connection successful
[2025-05-24 08:07:38] Successfully prepared course progress data
[2025-05-24 08:08:32] Starting progress fetch for user ID: 2
[2025-05-24 08:08:32] Database connection successful
[2025-05-24 08:08:32] Successfully prepared course progress data
[2025-05-24 08:08:39] Starting progress fetch for user ID: 1
[2025-05-24 08:08:39] Database connection successful
[2025-05-24 08:08:39] Successfully prepared course progress data
[2025-05-24 08:09:06] Starting progress fetch for user ID: 1
[2025-05-24 08:09:06] Database connection successful
[2025-05-24 08:09:06] Successfully prepared course progress data
[2025-05-24 08:09:07] Starting progress fetch for user ID: 1
[2025-05-24 08:09:07] Database connection successful
[2025-05-24 08:09:07] Successfully prepared course progress data
[2025-05-24 08:09:07] Starting progress fetch for user ID: 1
[2025-05-24 08:09:07] Database connection successful
[2025-05-24 08:09:07] Successfully prepared course progress data
[2025-05-24 08:09:08] Starting progress fetch for user ID: 1
[2025-05-24 08:09:08] Database connection successful
[2025-05-24 08:09:08] Successfully prepared course progress data
[2025-05-24 08:09:09] Starting progress fetch for user ID: 1
[2025-05-24 08:09:09] Database connection successful
[2025-05-24 08:09:09] Successfully prepared course progress data
[2025-05-24 08:09:11] Starting progress fetch for user ID: 1
[2025-05-24 08:09:11] Database connection successful
[2025-05-24 08:09:11] Successfully prepared course progress data
[2025-05-24 08:09:25] Starting progress fetch for user ID: 1
[2025-05-24 08:09:25] Database connection successful
[2025-05-24 08:09:25] Successfully prepared course progress data
[2025-05-24 08:09:29] Starting progress fetch for user ID: 1
[2025-05-24 08:09:29] Database connection successful
[2025-05-24 08:09:29] Successfully prepared course progress data
[2025-05-24 08:09:30] Starting progress fetch for user ID: 1
[2025-05-24 08:09:30] Database connection successful
[2025-05-24 08:09:30] Successfully prepared course progress data
[2025-05-24 08:09:31] Starting progress fetch for user ID: 1
[2025-05-24 08:09:31] Database connection successful
[2025-05-24 08:09:31] Successfully prepared course progress data
[2025-05-24 08:09:33] Starting progress fetch for user ID: 2
[2025-05-24 08:09:33] Database connection successful
[2025-05-24 08:09:33] Successfully prepared course progress data
[2025-05-24 08:09:33] Starting progress fetch for user ID: 1
[2025-05-24 08:09:33] Database connection successful
[2025-05-24 08:09:33] Successfully prepared course progress data
[2025-05-24 08:10:01] Starting progress fetch for user ID: 1
[2025-05-24 08:10:01] Database connection successful
[2025-05-24 08:10:01] Successfully prepared course progress data
[2025-05-24 08:10:31] Starting progress fetch for user ID: 1
[2025-05-24 08:10:31] Database connection successful
[2025-05-24 08:10:31] Successfully prepared course progress data
[2025-05-24 08:10:34] Starting progress fetch for user ID: 2
[2025-05-24 08:10:34] Database connection successful
[2025-05-24 08:10:34] Successfully prepared course progress data
[2025-05-24 08:11:01] Starting progress fetch for user ID: 1
[2025-05-24 08:11:01] Database connection successful
[2025-05-24 08:11:01] Successfully prepared course progress data
[2025-05-24 08:11:16] Starting progress fetch for user ID: 1
[2025-05-24 08:11:16] Database connection successful
[2025-05-24 08:11:16] Successfully prepared course progress data
[2025-05-24 08:11:17] Starting progress fetch for user ID: 2
[2025-05-24 08:11:17] Database connection successful
[2025-05-24 08:11:17] Successfully prepared course progress data
[2025-05-24 08:11:17] Starting progress fetch for user ID: 2
[2025-05-24 08:11:17] Database connection successful
[2025-05-24 08:11:17] Successfully prepared course progress data
[2025-05-24 08:11:19] Starting progress fetch for user ID: 1
[2025-05-24 08:11:19] Database connection successful
[2025-05-24 08:11:19] Successfully prepared course progress data
[2025-05-24 08:11:31] Starting progress fetch for user ID: 2
[2025-05-24 08:11:31] Database connection successful
[2025-05-24 08:11:31] Successfully prepared course progress data
[2025-05-24 08:12:01] Starting progress fetch for user ID: 2
[2025-05-24 08:12:01] Database connection successful
[2025-05-24 08:12:01] Successfully prepared course progress data
[2025-05-24 08:12:48] Starting progress fetch for user ID: 2
[2025-05-24 08:12:48] Database connection successful
[2025-05-24 08:12:48] Successfully prepared course progress data
[2025-05-24 08:13:48] Starting progress fetch for user ID: 2
[2025-05-24 08:13:48] Database connection successful
[2025-05-24 08:13:48] Successfully prepared course progress data
[2025-05-24 08:14:11] Starting progress fetch for user ID: 1
[2025-05-24 08:14:11] Database connection successful
[2025-05-24 08:14:11] Successfully prepared course progress data
[2025-05-24 08:14:12] Starting progress fetch for user ID: 1
[2025-05-24 08:14:12] Database connection successful
[2025-05-24 08:14:12] Successfully prepared course progress data
[2025-05-24 08:14:48] Starting progress fetch for user ID: 2
[2025-05-24 08:14:48] Database connection successful
[2025-05-24 08:14:48] Successfully prepared course progress data
[2025-05-24 08:15:28] Starting progress fetch for user ID: 2
[2025-05-24 08:15:28] Database connection successful
[2025-05-24 08:15:28] Successfully prepared course progress data
[2025-05-24 08:15:28] Starting progress fetch for user ID: 2
[2025-05-24 08:15:28] Database connection successful
[2025-05-24 08:15:28] Successfully prepared course progress data
[2025-05-24 08:15:29] Starting progress fetch for user ID: 2
[2025-05-24 08:15:29] Database connection successful
[2025-05-24 08:15:29] Successfully prepared course progress data
[2025-05-24 08:15:30] Starting progress fetch for user ID: 2
[2025-05-24 08:15:30] Database connection successful
[2025-05-24 08:15:30] Successfully prepared course progress data
[2025-05-24 08:15:32] Starting progress fetch for user ID: 2
[2025-05-24 08:15:32] Database connection successful
[2025-05-24 08:15:32] Successfully prepared course progress data
[2025-05-24 08:15:37] Starting progress fetch for user ID: 1
[2025-05-24 08:15:38] Database connection successful
[2025-05-24 08:15:38] Successfully prepared course progress data
[2025-05-24 08:15:39] Starting progress fetch for user ID: 1
[2025-05-24 08:15:39] Database connection successful
[2025-05-24 08:15:39] Successfully prepared course progress data
[2025-05-24 08:16:01] Starting progress fetch for user ID: 1
[2025-05-24 08:16:01] Database connection successful
[2025-05-24 08:16:01] Successfully prepared course progress data
[2025-05-24 08:16:02] Starting progress fetch for user ID: 2
[2025-05-24 08:16:02] Database connection successful
[2025-05-24 08:16:02] Successfully prepared course progress data
[2025-05-24 08:16:02] Starting progress fetch for user ID: 1
[2025-05-24 08:16:02] Database connection successful
[2025-05-24 08:16:02] Successfully prepared course progress data
[2025-05-24 08:16:04] Starting progress fetch for user ID: 1
[2025-05-24 08:16:04] Database connection successful
[2025-05-24 08:16:04] Successfully prepared course progress data
[2025-05-24 08:16:10] Starting progress fetch for user ID: 1
[2025-05-24 08:16:10] Database connection successful
[2025-05-24 08:16:10] Successfully prepared course progress data
[2025-05-24 08:16:32] Starting progress fetch for user ID: 2
[2025-05-24 08:16:32] Database connection successful
[2025-05-24 08:16:32] Successfully prepared course progress data
[2025-05-24 08:16:40] Starting progress fetch for user ID: 1
[2025-05-24 08:16:40] Database connection successful
[2025-05-24 08:16:40] Successfully prepared course progress data
[2025-05-24 08:17:02] Starting progress fetch for user ID: 2
[2025-05-24 08:17:02] Database connection successful
[2025-05-24 08:17:02] Successfully prepared course progress data
[2025-05-24 08:17:10] Starting progress fetch for user ID: 1
[2025-05-24 08:17:10] Database connection successful
[2025-05-24 08:17:10] Successfully prepared course progress data
[2025-05-24 08:17:11] Starting progress fetch for user ID: 1
[2025-05-24 08:17:11] Database connection successful
[2025-05-24 08:17:11] Successfully prepared course progress data
[2025-05-24 08:17:21] Starting progress fetch for user ID: 1
[2025-05-24 08:17:21] Database connection successful
[2025-05-24 08:17:21] Successfully prepared course progress data
[2025-05-24 08:17:31] Starting progress fetch for user ID: 1
[2025-05-24 08:17:31] Database connection successful
[2025-05-24 08:17:31] Successfully prepared course progress data
[2025-05-24 08:17:32] Starting progress fetch for user ID: 2
[2025-05-24 08:17:32] Database connection successful
[2025-05-24 08:17:32] Successfully prepared course progress data
[2025-05-24 08:17:40] Starting progress fetch for user ID: 1
[2025-05-24 08:17:40] Database connection successful
[2025-05-24 08:17:40] Successfully prepared course progress data
[2025-05-24 08:17:43] Starting progress fetch for user ID: 1
[2025-05-24 08:17:43] Database connection successful
[2025-05-24 08:17:43] Successfully prepared course progress data
[2025-05-24 08:17:45] Starting progress fetch for user ID: 1
[2025-05-24 08:17:45] Database connection successful
[2025-05-24 08:17:45] Successfully prepared course progress data
[2025-05-24 08:17:46] Starting progress fetch for user ID: 1
[2025-05-24 08:17:46] Database connection successful
[2025-05-24 08:17:46] Successfully prepared course progress data
[2025-05-24 08:17:56] Starting progress fetch for user ID: 1
[2025-05-24 08:17:56] Database connection successful
[2025-05-24 08:17:56] Successfully prepared course progress data
[2025-05-24 08:17:57] Starting progress fetch for user ID: 1
[2025-05-24 08:17:57] Database connection successful
[2025-05-24 08:17:57] Successfully prepared course progress data
[2025-05-24 08:17:58] Starting progress fetch for user ID: 1
[2025-05-24 08:17:58] Database connection successful
[2025-05-24 08:17:58] Successfully prepared course progress data
[2025-05-24 08:17:59] Starting progress fetch for user ID: 1
[2025-05-24 08:17:59] Database connection successful
[2025-05-24 08:17:59] Successfully prepared course progress data
[2025-05-24 08:18:02] Starting progress fetch for user ID: 2
[2025-05-24 08:18:02] Database connection successful
[2025-05-24 08:18:02] Successfully prepared course progress data
[2025-05-24 08:18:07] Starting progress fetch for user ID: 2
[2025-05-24 08:18:07] Database connection successful
[2025-05-24 08:18:07] Successfully prepared course progress data
[2025-05-24 08:21:00] Starting progress fetch for user ID: 1
[2025-05-24 08:21:00] Database connection successful
[2025-05-24 08:21:00] user_progress table does not exist, creating it
[2025-05-24 08:21:00] user_progress table created successfully
[2025-05-24 08:21:00] Created new progress record for course 1
[2025-05-24 08:21:00] Created new progress record for course 2
[2025-05-24 08:21:00] Created new progress record for course 3
[2025-05-24 08:21:00] Created new progress record for course 4
[2025-05-24 08:21:00] Created new progress record for course 5
[2025-05-24 08:21:00] Successfully prepared course progress data
[2025-05-24 08:21:31] Starting progress fetch for user ID: 1
[2025-05-24 08:21:31] Database connection successful
[2025-05-24 08:21:31] Successfully prepared course progress data
[2025-05-24 08:22:01] Starting progress fetch for user ID: 1
[2025-05-24 08:22:01] Database connection successful
[2025-05-24 08:22:01] Successfully prepared course progress data
[2025-05-24 08:22:15] Starting progress fetch for user ID: 1
[2025-05-24 08:22:15] Database connection successful
[2025-05-24 08:22:15] Successfully prepared course progress data
[2025-05-24 08:22:31] Starting progress fetch for user ID: 1
[2025-05-24 08:22:31] Database connection successful
[2025-05-24 08:22:31] Successfully prepared course progress data
[2025-05-24 08:23:01] Starting progress fetch for user ID: 1
[2025-05-24 08:23:01] Database connection successful
[2025-05-24 08:23:01] Successfully prepared course progress data
[2025-05-24 08:23:31] Starting progress fetch for user ID: 1
[2025-05-24 08:23:31] Database connection successful
[2025-05-24 08:23:31] Successfully prepared course progress data
[2025-05-24 08:24:01] Starting progress fetch for user ID: 1
[2025-05-24 08:24:01] Database connection successful
[2025-05-24 08:24:01] Successfully prepared course progress data
[2025-05-24 08:24:31] Starting progress fetch for user ID: 1
[2025-05-24 08:24:31] Database connection successful
[2025-05-24 08:24:31] Successfully prepared course progress data
[2025-05-24 08:25:32] Starting progress fetch for user ID: 1
[2025-05-24 08:25:32] Database connection successful
[2025-05-24 08:25:32] Successfully prepared course progress data
[2025-05-24 08:26:01] Starting progress fetch for user ID: 1
[2025-05-24 08:26:01] Database connection successful
[2025-05-24 08:26:01] Successfully prepared course progress data
[2025-05-24 08:26:01] Starting progress fetch for user ID: 1
[2025-05-24 08:26:01] Database connection successful
[2025-05-24 08:26:01] Successfully prepared course progress data
[2025-05-24 08:26:05] Starting progress fetch for user ID: 1
[2025-05-24 08:26:05] Database connection successful
[2025-05-24 08:26:05] Successfully prepared course progress data
[2025-05-24 08:26:08] Starting progress fetch for user ID: 1
[2025-05-24 08:26:08] Database connection successful
[2025-05-24 08:26:08] Successfully prepared course progress data
[2025-05-24 08:26:08] Starting progress fetch for user ID: 1
[2025-05-24 08:26:08] Database connection successful
[2025-05-24 08:26:08] Successfully prepared course progress data
[2025-05-24 08:26:11] Starting progress fetch for user ID: 1
[2025-05-24 08:26:11] Database connection successful
[2025-05-24 08:26:11] Successfully prepared course progress data
[2025-05-24 08:26:21] Starting progress fetch for user ID: 1
[2025-05-24 08:26:21] Database connection successful
[2025-05-24 08:26:21] Successfully prepared course progress data
[2025-05-24 08:27:17] Starting progress fetch for user ID: 1
[2025-05-24 08:27:17] Database connection successful
[2025-05-24 08:27:17] Successfully prepared course progress data
[2025-05-24 08:27:47] Starting progress fetch for user ID: 1
[2025-05-24 08:27:47] Database connection successful
[2025-05-24 08:27:47] Successfully prepared course progress data
[2025-05-24 08:28:17] Starting progress fetch for user ID: 1
[2025-05-24 08:28:17] Database connection successful
[2025-05-24 08:28:17] Successfully prepared course progress data
[2025-05-24 08:28:23] Starting progress fetch for user ID: 1
[2025-05-24 08:28:23] Database connection successful
[2025-05-24 08:28:23] Successfully prepared course progress data
[2025-05-24 08:33:37] Starting progress fetch for user ID: 1
[2025-05-24 08:33:37] Database connection successful
[2025-05-24 08:33:37] Successfully prepared course progress data
[2025-05-24 08:34:08] Starting progress fetch for user ID: 1
[2025-05-24 08:34:08] Database connection successful
[2025-05-24 08:34:08] Successfully prepared course progress data
[2025-05-24 08:34:38] Starting progress fetch for user ID: 1
[2025-05-24 08:34:38] Database connection successful
[2025-05-24 08:34:38] Successfully prepared course progress data
[2025-05-24 08:35:08] Starting progress fetch for user ID: 1
[2025-05-24 08:35:08] Database connection successful
[2025-05-24 08:35:08] Successfully prepared course progress data
[2025-05-24 08:35:38] Starting progress fetch for user ID: 1
[2025-05-24 08:35:38] Database connection successful
[2025-05-24 08:35:38] Successfully prepared course progress data
[2025-05-24 08:35:38] Starting progress fetch for user ID: 1
[2025-05-24 08:35:38] Database connection successful
[2025-05-24 08:35:38] Successfully prepared course progress data
[2025-05-24 08:35:39] Starting progress fetch for user ID: 1
[2025-05-24 08:35:39] Database connection successful
[2025-05-24 08:35:39] Successfully prepared course progress data
[2025-05-24 08:43:06] Starting progress fetch for user ID: 1
[2025-05-24 08:43:06] Database connection successful
[2025-05-24 08:43:06] Successfully prepared course progress data
[2025-05-24 08:43:37] Starting progress fetch for user ID: 1
[2025-05-24 08:43:37] Database connection successful
[2025-05-24 08:43:37] Successfully prepared course progress data
[2025-05-24 08:44:07] Starting progress fetch for user ID: 1
[2025-05-24 08:44:07] Database connection successful
[2025-05-24 08:44:07] Successfully prepared course progress data
[2025-05-24 08:44:37] Starting progress fetch for user ID: 1
[2025-05-24 08:44:37] Database connection successful
[2025-05-24 08:44:37] Successfully prepared course progress data
[2025-05-24 08:44:38] Starting progress fetch for user ID: 1
[2025-05-24 08:44:38] Database connection successful
[2025-05-24 08:44:38] Successfully prepared course progress data
[2025-05-24 08:44:40] Starting progress fetch for user ID: 1
[2025-05-24 08:44:40] Database connection successful
[2025-05-24 08:44:40] Successfully prepared course progress data
[2025-05-24 08:45:11] Starting progress fetch for user ID: 1
[2025-05-24 08:45:11] Database connection successful
[2025-05-24 08:45:11] Successfully prepared course progress data
[2025-05-24 08:45:11] Starting progress fetch for user ID: 1
[2025-05-24 08:45:11] Database connection successful
[2025-05-24 08:45:11] Successfully prepared course progress data
[2025-05-24 08:45:40] Starting progress fetch for user ID: 1
[2025-05-24 08:45:40] Database connection successful
[2025-05-24 08:45:40] Successfully prepared course progress data
[2025-05-24 08:45:40] Starting progress fetch for user ID: 1
[2025-05-24 08:45:40] Database connection successful
[2025-05-24 08:45:40] Successfully prepared course progress data
[2025-05-24 08:45:43] Starting progress fetch for user ID: 1
[2025-05-24 08:45:43] Database connection successful
[2025-05-24 08:45:43] Successfully prepared course progress data
[2025-05-24 08:45:44] Starting progress fetch for user ID: 1
[2025-05-24 08:45:44] Database connection successful
[2025-05-24 08:45:44] Successfully prepared course progress data
[2025-05-24 08:46:15] Starting progress fetch for user ID: 1
[2025-05-24 08:46:15] Database connection successful
[2025-05-24 08:46:15] Successfully prepared course progress data
[2025-05-24 08:46:24] Starting progress fetch for user ID: 1
[2025-05-24 08:46:24] Database connection successful
[2025-05-24 08:46:24] Successfully prepared course progress data
[2025-05-24 08:46:26] Starting progress fetch for user ID: 1
[2025-05-24 08:46:26] Database connection successful
[2025-05-24 08:46:26] Successfully prepared course progress data
[2025-05-24 08:46:32] Starting progress fetch for user ID: 1
[2025-05-24 08:46:32] Database connection successful
[2025-05-24 08:46:32] Successfully prepared course progress data
[2025-05-24 08:46:44] Starting progress fetch for user ID: 1
[2025-05-24 08:46:44] Database connection successful
[2025-05-24 08:46:44] Successfully prepared course progress data
[2025-05-24 08:46:48] Starting progress fetch for user ID: 1
[2025-05-24 08:46:48] Database connection successful
[2025-05-24 08:46:48] Successfully prepared course progress data
[2025-05-24 08:46:49] Starting progress fetch for user ID: 1
[2025-05-24 08:46:49] Database connection successful
[2025-05-24 08:46:49] Successfully prepared course progress data
[2025-05-24 08:47:05] Starting progress fetch for user ID: 1
[2025-05-24 08:47:05] Database connection successful
[2025-05-24 08:47:05] Successfully prepared course progress data
[2025-05-24 08:47:20] Starting progress fetch for user ID: 1
[2025-05-24 08:47:20] Database connection successful
[2025-05-24 08:47:20] Successfully prepared course progress data
[2025-05-24 08:47:50] Starting progress fetch for user ID: 1
[2025-05-24 08:47:50] Database connection successful
[2025-05-24 08:47:50] Successfully prepared course progress data
[2025-05-24 08:47:55] Starting progress fetch for user ID: 1
[2025-05-24 08:47:55] Database connection successful
[2025-05-24 08:47:55] Successfully prepared course progress data
[2025-05-24 08:47:55] Starting progress fetch for user ID: 1
[2025-05-24 08:47:55] Database connection successful
[2025-05-24 08:47:55] Successfully prepared course progress data
[2025-05-24 08:47:57] Starting progress fetch for user ID: 1
[2025-05-24 08:47:57] Database connection successful
[2025-05-24 08:47:57] Successfully prepared course progress data
[2025-05-24 08:48:08] Starting progress fetch for user ID: 1
[2025-05-24 08:48:08] Database connection successful
[2025-05-24 08:48:08] Successfully prepared course progress data
[2025-05-24 08:48:38] Starting progress fetch for user ID: 1
[2025-05-24 08:48:38] Database connection successful
[2025-05-24 08:48:38] Successfully prepared course progress data
[2025-05-24 08:49:08] Starting progress fetch for user ID: 1
[2025-05-24 08:49:08] Database connection successful
[2025-05-24 08:49:08] Successfully prepared course progress data
[2025-05-24 08:49:38] Starting progress fetch for user ID: 1
[2025-05-24 08:49:38] Database connection successful
[2025-05-24 08:49:38] Successfully prepared course progress data
[2025-05-24 08:49:54] Starting progress fetch for user ID: 1
[2025-05-24 08:49:54] Database connection successful
[2025-05-24 08:49:54] Successfully prepared course progress data
[2025-05-24 08:50:00] Starting progress fetch for user ID: 1
[2025-05-24 08:50:00] Database connection successful
[2025-05-24 08:50:00] Successfully prepared course progress data
[2025-05-24 08:50:01] Starting progress fetch for user ID: 1
[2025-05-24 08:50:01] Database connection successful
[2025-05-24 08:50:01] Successfully prepared course progress data
[2025-05-24 08:50:02] Starting progress fetch for user ID: 1
[2025-05-24 08:50:02] Database connection successful
[2025-05-24 08:50:02] Successfully prepared course progress data
[2025-05-24 08:50:03] Starting progress fetch for user ID: 1
[2025-05-24 08:50:03] Database connection successful
[2025-05-24 08:50:03] Successfully prepared course progress data
[2025-05-24 08:50:33] Starting progress fetch for user ID: 1
[2025-05-24 08:50:33] Database connection successful
[2025-05-24 08:50:33] Successfully prepared course progress data
[2025-05-24 08:51:01] Starting progress fetch for user ID: 1
[2025-05-24 08:51:01] Database connection successful
[2025-05-24 08:51:01] Successfully prepared course progress data
[2025-05-24 08:51:03] Starting progress fetch for user ID: 1
[2025-05-24 08:51:03] Database connection successful
[2025-05-24 08:51:03] Successfully prepared course progress data
[2025-05-24 08:51:04] Starting progress fetch for user ID: 1
[2025-05-24 08:51:04] Database connection successful
[2025-05-24 08:51:04] Successfully prepared course progress data
[2025-05-24 08:51:05] Starting progress fetch for user ID: 1
[2025-05-24 08:51:05] Database connection successful
[2025-05-24 08:51:05] Successfully prepared course progress data
[2025-05-24 08:51:06] Starting progress fetch for user ID: 1
[2025-05-24 08:51:06] Database connection successful
[2025-05-24 08:51:06] Successfully prepared course progress data
[2025-05-24 08:51:08] Starting progress fetch for user ID: 1
[2025-05-24 08:51:08] Database connection successful
[2025-05-24 08:51:08] Successfully prepared course progress data
[2025-05-24 08:51:08] Starting progress fetch for user ID: 1
[2025-05-24 08:51:08] Database connection successful
[2025-05-24 08:51:08] Successfully prepared course progress data
[2025-05-24 08:51:20] Starting progress fetch for user ID: 1
[2025-05-24 08:51:20] Database connection successful
[2025-05-24 08:51:20] Successfully prepared course progress data
[2025-05-24 08:51:39] Starting progress fetch for user ID: 1
[2025-05-24 08:51:39] Database connection successful
[2025-05-24 08:51:39] Successfully prepared course progress data
[2025-05-24 08:52:02] Starting progress fetch for user ID: 1
[2025-05-24 08:52:02] Database connection successful
[2025-05-24 08:52:02] Successfully prepared course progress data
[2025-05-24 08:52:09] Starting progress fetch for user ID: 1
[2025-05-24 08:52:09] Database connection successful
[2025-05-24 08:52:09] Successfully prepared course progress data
[2025-05-24 08:52:11] Starting progress fetch for user ID: 1
[2025-05-24 08:52:11] Database connection successful
[2025-05-24 08:52:11] Successfully prepared course progress data
[2025-05-24 08:52:39] Starting progress fetch for user ID: 1
[2025-05-24 08:52:39] Database connection successful
[2025-05-24 08:52:39] user_progress table does not exist, creating it
[2025-05-24 08:52:39] user_progress table created successfully
[2025-05-24 08:52:39] Created new progress record for course 1
[2025-05-24 08:52:39] Created new progress record for course 2
[2025-05-24 08:52:39] Created new progress record for course 3
[2025-05-24 08:52:39] Created new progress record for course 4
[2025-05-24 08:52:39] Created new progress record for course 5
[2025-05-24 08:52:39] Successfully prepared course progress data
[2025-05-24 08:53:40] Starting progress fetch for user ID: 1
[2025-05-24 08:53:40] Database connection successful
[2025-05-24 08:53:40] Successfully prepared course progress data
[2025-05-24 08:53:55] Starting progress fetch for user ID: 1
[2025-05-24 08:53:55] Database connection successful
[2025-05-24 08:53:55] Successfully prepared course progress data
[2025-05-24 08:54:26] Starting progress fetch for user ID: 1
[2025-05-24 08:54:26] Database connection successful
[2025-05-24 08:54:26] Successfully prepared course progress data
[2025-05-24 08:54:56] Starting progress fetch for user ID: 1
[2025-05-24 08:54:56] Database connection successful
[2025-05-24 08:54:56] Successfully prepared course progress data
[2025-05-24 08:55:26] Starting progress fetch for user ID: 1
[2025-05-24 08:55:26] Database connection successful
[2025-05-24 08:55:26] Successfully prepared course progress data
[2025-05-24 08:55:51] Starting progress fetch for user ID: 1
[2025-05-24 08:55:51] Database connection successful
[2025-05-24 08:55:51] Successfully prepared course progress data
[2025-05-24 08:55:59] Starting progress fetch for user ID: 1
[2025-05-24 08:55:59] Database connection successful
[2025-05-24 08:55:59] Successfully prepared course progress data
[2025-05-24 08:56:29] Starting progress fetch for user ID: 1
[2025-05-24 08:56:29] Database connection successful
[2025-05-24 08:56:29] Successfully prepared course progress data
[2025-05-24 08:56:59] Starting progress fetch for user ID: 1
[2025-05-24 08:56:59] Database connection successful
[2025-05-24 08:56:59] Successfully prepared course progress data
[2025-05-24 08:57:29] Starting progress fetch for user ID: 1
[2025-05-24 08:57:29] Database connection successful
[2025-05-24 08:57:29] Successfully prepared course progress data
[2025-05-24 08:57:59] Starting progress fetch for user ID: 1
[2025-05-24 08:57:59] Database connection successful
[2025-05-24 08:57:59] Successfully prepared course progress data
[2025-05-24 08:58:29] Starting progress fetch for user ID: 1
[2025-05-24 08:58:29] Database connection successful
[2025-05-24 08:58:29] Successfully prepared course progress data
[2025-05-24 08:58:41] Starting progress fetch for user ID: 1
[2025-05-24 08:58:41] Database connection successful
[2025-05-24 08:58:41] Successfully prepared course progress data
[2025-05-24 08:58:43] Starting progress fetch for user ID: 1
[2025-05-24 08:58:43] Database connection successful
[2025-05-24 08:58:43] Successfully prepared course progress data
[2025-05-24 08:58:44] Starting progress fetch for user ID: 1
[2025-05-24 08:58:44] Database connection successful
[2025-05-24 08:58:44] Successfully prepared course progress data
[2025-05-24 08:58:57] Starting progress fetch for user ID: 1
[2025-05-24 08:58:57] Database connection successful
[2025-05-24 08:58:57] Successfully prepared course progress data
[2025-05-24 08:59:10] Starting progress fetch for user ID: 1
[2025-05-24 08:59:10] Database connection successful
[2025-05-24 08:59:10] user_progress table does not exist, creating it
[2025-05-24 08:59:10] user_progress table created successfully
[2025-05-24 08:59:10] Created new progress record for course 1
[2025-05-24 08:59:10] Created new progress record for course 2
[2025-05-24 08:59:10] Created new progress record for course 3
[2025-05-24 08:59:10] Created new progress record for course 4
[2025-05-24 08:59:10] Created new progress record for course 5
[2025-05-24 08:59:10] Successfully prepared course progress data
[2025-05-24 08:59:11] Starting progress fetch for user ID: 1
[2025-05-24 08:59:11] Database connection successful
[2025-05-24 08:59:11] Successfully prepared course progress data
[2025-05-24 08:59:41] Starting progress fetch for user ID: 1
[2025-05-24 08:59:41] Database connection successful
[2025-05-24 08:59:41] Successfully prepared course progress data
[2025-05-24 08:59:43] Starting progress fetch for user ID: 1
[2025-05-24 08:59:43] Database connection successful
[2025-05-24 08:59:43] Successfully prepared course progress data
[2025-05-24 08:59:50] Starting progress fetch for user ID: 1
[2025-05-24 08:59:50] Database connection successful
[2025-05-24 08:59:50] Successfully prepared course progress data
[2025-05-24 09:00:20] Starting progress fetch for user ID: 1
[2025-05-24 09:00:20] Database connection successful
[2025-05-24 09:00:20] Successfully prepared course progress data
[2025-05-24 09:00:50] Starting progress fetch for user ID: 1
[2025-05-24 09:00:50] Database connection successful
[2025-05-24 09:00:50] Successfully prepared course progress data
[2025-05-24 09:01:20] Starting progress fetch for user ID: 1
[2025-05-24 09:01:20] Database connection successful
[2025-05-24 09:01:20] Successfully prepared course progress data
[2025-05-24 09:01:50] Starting progress fetch for user ID: 1
[2025-05-24 09:01:50] Database connection successful
[2025-05-24 09:01:50] Successfully prepared course progress data
[2025-05-24 09:02:20] Starting progress fetch for user ID: 1
[2025-05-24 09:02:20] Database connection successful
[2025-05-24 09:02:20] Successfully prepared course progress data
[2025-05-24 09:02:45] Starting progress fetch for user ID: 1
[2025-05-24 09:02:45] Database connection successful
[2025-05-24 09:02:45] Successfully prepared course progress data
[2025-05-24 09:02:50] Starting progress fetch for user ID: 1
[2025-05-24 09:02:50] Database connection successful
[2025-05-24 09:02:50] Successfully prepared course progress data
[2025-05-24 09:03:20] Starting progress fetch for user ID: 1
[2025-05-24 09:03:20] Database connection successful
[2025-05-24 09:03:20] Successfully prepared course progress data
[2025-05-24 09:04:21] Starting progress fetch for user ID: 1
[2025-05-24 09:04:21] Database connection successful
[2025-05-24 09:04:21] Successfully prepared course progress data
[2025-05-24 09:05:22] Starting progress fetch for user ID: 1
[2025-05-24 09:05:22] Database connection successful
[2025-05-24 09:05:22] Successfully prepared course progress data
[2025-05-24 09:06:14] Starting progress fetch for user ID: 1
[2025-05-24 09:06:14] Database connection successful
[2025-05-24 09:06:14] Successfully prepared course progress data
[2025-05-24 09:06:14] Starting progress fetch for user ID: 1
[2025-05-24 09:06:14] Database connection successful
[2025-05-24 09:06:14] Successfully prepared course progress data
[2025-05-24 09:06:16] Starting progress fetch for user ID: 1
[2025-05-24 09:06:16] Database connection successful
[2025-05-24 09:06:16] Successfully prepared course progress data
[2025-05-24 09:06:48] Starting progress fetch for user ID: 1
[2025-05-24 09:06:48] Database connection successful
[2025-05-24 09:06:48] Successfully prepared course progress data
[2025-05-24 09:07:02] Starting progress fetch for user ID: 1
[2025-05-24 09:07:02] Database connection successful
[2025-05-24 09:07:02] Successfully prepared course progress data
[2025-05-24 09:07:12] Starting progress fetch for user ID: 1
[2025-05-24 09:07:12] Database connection successful
[2025-05-24 09:07:12] Successfully prepared course progress data
[2025-05-24 09:07:16] Starting progress fetch for user ID: 1
[2025-05-24 09:07:16] Database connection successful
[2025-05-24 09:07:16] Successfully prepared course progress data
[2025-05-24 09:07:17] Starting progress fetch for user ID: 1
[2025-05-24 09:07:17] Database connection successful
[2025-05-24 09:07:17] Successfully prepared course progress data
[2025-05-24 09:07:21] Starting progress fetch for user ID: 1
[2025-05-24 09:07:21] Database connection successful
[2025-05-24 09:07:21] Successfully prepared course progress data
[2025-05-24 09:07:23] Starting progress fetch for user ID: 1
[2025-05-24 09:07:23] Database connection successful
[2025-05-24 09:07:23] Successfully prepared course progress data
[2025-05-24 09:07:43] Starting progress fetch for user ID: 1
[2025-05-24 09:07:43] Database connection successful
[2025-05-24 09:07:43] Successfully prepared course progress data
[2025-05-24 09:07:50] Starting progress fetch for user ID: 1
[2025-05-24 09:07:50] Database connection successful
[2025-05-24 09:07:50] Successfully prepared course progress data
[2025-05-24 09:07:51] Starting progress fetch for user ID: 1
[2025-05-24 09:07:51] Database connection successful
[2025-05-24 09:07:52] Successfully prepared course progress data
[2025-05-24 09:08:11] Starting progress fetch for user ID: 1
[2025-05-24 09:08:11] Database connection successful
[2025-05-24 09:08:11] Successfully prepared course progress data
[2025-05-24 09:08:41] Starting progress fetch for user ID: 1
[2025-05-24 09:08:41] Database connection successful
[2025-05-24 09:08:41] Successfully prepared course progress data
[2025-05-24 09:08:54] Starting progress fetch for user ID: 1
[2025-05-24 09:08:54] Database connection successful
[2025-05-24 09:08:54] Successfully prepared course progress data
[2025-05-24 09:09:05] Starting progress fetch for user ID: 1
[2025-05-24 09:09:05] Database connection successful
[2025-05-24 09:09:05] Successfully prepared course progress data
[2025-05-24 09:10:32] Starting progress fetch for user ID: 1
[2025-05-24 09:10:32] Database connection successful
[2025-05-24 09:10:32] Successfully prepared course progress data
[2025-05-24 09:11:57] Starting progress fetch for user ID: 1
[2025-05-24 09:11:57] Database connection successful
[2025-05-24 09:11:57] Successfully prepared course progress data
[2025-05-24 09:13:11] Starting progress fetch for user ID: 1
[2025-05-24 09:13:11] Database connection successful
[2025-05-24 09:13:11] Successfully prepared course progress data
[2025-05-24 09:13:20] Starting progress fetch for user ID: 1
[2025-05-24 09:13:20] Database connection successful
[2025-05-24 09:13:20] Successfully prepared course progress data
[2025-05-24 09:20:55] Starting progress fetch for user ID: 1
[2025-05-24 09:20:55] Database connection successful
[2025-05-24 09:20:55] user_progress table does not exist, creating it
[2025-05-24 09:20:55] user_progress table created successfully
[2025-05-24 09:20:55] Created new progress record for course 1
[2025-05-24 09:20:55] Created new progress record for course 2
[2025-05-24 09:20:55] Created new progress record for course 3
[2025-05-24 09:20:55] Created new progress record for course 4
[2025-05-24 09:20:55] Created new progress record for course 5
[2025-05-24 09:20:55] Successfully prepared course progress data
[2025-05-24 09:21:05] Starting progress fetch for user ID: 1
[2025-05-24 09:21:05] Database connection successful
[2025-05-24 09:21:05] Successfully prepared course progress data
[2025-05-24 09:21:16] Starting progress fetch for user ID: 1
[2025-05-24 09:21:16] Database connection successful
[2025-05-24 09:21:16] Successfully prepared course progress data
[2025-05-24 09:21:33] Starting progress fetch for user ID: 1
[2025-05-24 09:21:33] Database connection successful
[2025-05-24 09:21:33] Successfully prepared course progress data
[2025-05-24 09:24:08] Starting progress fetch for user ID: 1
[2025-05-24 09:24:08] Database connection successful
[2025-05-24 09:24:08] Successfully prepared course progress data
[2025-05-24 09:24:27] Starting progress fetch for user ID: 1
[2025-05-24 09:24:27] Database connection successful
[2025-05-24 09:24:27] Successfully prepared course progress data
[2025-05-24 09:24:37] Starting progress fetch for user ID: 1
[2025-05-24 09:24:37] Database connection successful
[2025-05-24 09:24:37] Successfully prepared course progress data
[2025-05-24 09:25:08] Starting progress fetch for user ID: 1
[2025-05-24 09:25:08] Database connection successful
[2025-05-24 09:25:08] Successfully prepared course progress data
[2025-05-24 09:25:37] Starting progress fetch for user ID: 1
[2025-05-24 09:25:37] Database connection successful
[2025-05-24 09:25:37] Successfully prepared course progress data
[2025-05-24 09:25:37] Starting progress fetch for user ID: 1
[2025-05-24 09:25:37] Database connection successful
[2025-05-24 09:25:37] Successfully prepared course progress data
[2025-05-24 09:26:11] Starting progress fetch for user ID: 1
[2025-05-24 09:26:11] Database connection successful
[2025-05-24 09:26:11] Successfully prepared course progress data
[2025-05-24 09:26:42] Starting progress fetch for user ID: 1
[2025-05-24 09:26:42] Database connection successful
[2025-05-24 09:26:42] Successfully prepared course progress data
[2025-05-24 09:33:13] Starting progress fetch for user ID: 1
[2025-05-24 09:33:13] Database connection successful
[2025-05-24 09:33:13] Successfully prepared course progress data
[2025-05-24 09:33:13] Starting progress fetch for user ID: 1
[2025-05-24 09:33:13] Database connection successful
[2025-05-24 09:33:13] Successfully prepared course progress data
[2025-05-24 09:35:08] Starting progress fetch for user ID: 1
[2025-05-24 09:35:08] Database connection successful
[2025-05-24 09:35:08] Successfully prepared course progress data
[2025-05-24 09:35:09] Starting progress fetch for user ID: 1
[2025-05-24 09:35:09] Database connection successful
[2025-05-24 09:35:09] Successfully prepared course progress data
[2025-05-24 09:35:11] Starting progress fetch for user ID: 1
[2025-05-24 09:35:11] Database connection successful
[2025-05-24 09:35:11] Successfully prepared course progress data
[2025-05-24 09:35:47] Starting progress fetch for user ID: 1
[2025-05-24 09:35:47] Database connection successful
[2025-05-24 09:35:47] Successfully prepared course progress data
[2025-05-24 09:36:12] Starting progress fetch for user ID: 1
[2025-05-24 09:36:12] Database connection successful
[2025-05-24 09:36:12] Successfully prepared course progress data
[2025-05-24 09:36:48] Starting progress fetch for user ID: 1
[2025-05-24 09:36:48] Database connection successful
[2025-05-24 09:36:48] Successfully prepared course progress data
[2025-05-24 09:36:58] Starting progress fetch for user ID: 1
[2025-05-24 09:36:58] Database connection successful
[2025-05-24 09:36:58] Successfully prepared course progress data
[2025-05-24 09:37:12] Starting progress fetch for user ID: 1
[2025-05-24 09:37:12] Database connection successful
[2025-05-24 09:37:12] Successfully prepared course progress data
[2025-05-24 09:37:42] Starting progress fetch for user ID: 1
[2025-05-24 09:37:42] Database connection successful
[2025-05-24 09:37:42] Successfully prepared course progress data
[2025-05-24 09:38:12] Starting progress fetch for user ID: 1
[2025-05-24 09:38:12] Database connection successful
[2025-05-24 09:38:12] Successfully prepared course progress data
[2025-05-24 09:38:48] Starting progress fetch for user ID: 1
[2025-05-24 09:38:48] Database connection successful
[2025-05-24 09:38:48] Successfully prepared course progress data
[2025-05-24 09:39:48] Starting progress fetch for user ID: 1
[2025-05-24 09:39:48] Database connection successful
[2025-05-24 09:39:48] Successfully prepared course progress data
[2025-05-24 09:40:48] Starting progress fetch for user ID: 1
[2025-05-24 09:40:48] Database connection successful
[2025-05-24 09:40:48] Successfully prepared course progress data
[2025-05-24 09:41:48] Starting progress fetch for user ID: 1
[2025-05-24 09:41:48] Database connection successful
[2025-05-24 09:41:48] Successfully prepared course progress data
[2025-05-24 09:42:48] Starting progress fetch for user ID: 1
[2025-05-24 09:42:48] Database connection successful
[2025-05-24 09:42:48] Successfully prepared course progress data
[2025-05-24 09:43:48] Starting progress fetch for user ID: 1
[2025-05-24 09:43:48] Database connection successful
[2025-05-24 09:43:48] Successfully prepared course progress data
[2025-05-24 09:44:48] Starting progress fetch for user ID: 1
[2025-05-24 09:44:48] Database connection successful
[2025-05-24 09:44:48] Successfully prepared course progress data
[2025-05-24 09:45:48] Starting progress fetch for user ID: 1
[2025-05-24 09:45:48] Database connection successful
[2025-05-24 09:45:48] Successfully prepared course progress data
[2025-05-24 09:46:48] Starting progress fetch for user ID: 1
[2025-05-24 09:46:48] Database connection successful
[2025-05-24 09:46:48] Successfully prepared course progress data
[2025-05-24 09:47:48] Starting progress fetch for user ID: 1
[2025-05-24 09:47:48] Database connection successful
[2025-05-24 09:47:48] Successfully prepared course progress data
[2025-05-24 09:48:48] Starting progress fetch for user ID: 1
[2025-05-24 09:48:48] Database connection successful
[2025-05-24 09:48:48] Successfully prepared course progress data
[2025-05-24 09:49:48] Starting progress fetch for user ID: 1
[2025-05-24 09:49:48] Database connection successful
[2025-05-24 09:49:48] Successfully prepared course progress data
[2025-05-24 09:50:48] Starting progress fetch for user ID: 1
[2025-05-24 09:50:48] Database connection successful
[2025-05-24 09:50:48] Successfully prepared course progress data
[2025-05-24 09:51:48] Starting progress fetch for user ID: 1
[2025-05-24 09:51:48] Database connection successful
[2025-05-24 09:51:48] Successfully prepared course progress data
[2025-05-24 09:52:48] Starting progress fetch for user ID: 1
[2025-05-24 09:52:48] Database connection successful
[2025-05-24 09:52:48] Successfully prepared course progress data
[2025-05-24 09:53:48] Starting progress fetch for user ID: 1
[2025-05-24 09:53:48] Database connection successful
[2025-05-24 09:53:48] Successfully prepared course progress data
[2025-05-24 09:54:48] Starting progress fetch for user ID: 1
[2025-05-24 09:54:48] Database connection successful
[2025-05-24 09:54:48] Successfully prepared course progress data
[2025-05-24 09:55:48] Starting progress fetch for user ID: 1
[2025-05-24 09:55:48] Database connection successful
[2025-05-24 09:55:48] Successfully prepared course progress data
[2025-05-24 09:56:48] Starting progress fetch for user ID: 1
[2025-05-24 09:56:48] Database connection successful
[2025-05-24 09:56:48] Successfully prepared course progress data
[2025-05-24 09:57:48] Starting progress fetch for user ID: 1
[2025-05-24 09:57:48] Database connection successful
[2025-05-24 09:57:48] Successfully prepared course progress data
[2025-05-24 09:58:48] Starting progress fetch for user ID: 1
[2025-05-24 09:58:48] Database connection successful
[2025-05-24 09:58:48] Successfully prepared course progress data
[2025-05-24 09:59:48] Starting progress fetch for user ID: 1
[2025-05-24 09:59:48] Database connection successful
[2025-05-24 09:59:48] Successfully prepared course progress data
[2025-05-24 10:00:48] Starting progress fetch for user ID: 1
[2025-05-24 10:00:48] Database connection successful
[2025-05-24 10:00:48] Successfully prepared course progress data
[2025-05-24 10:01:48] Starting progress fetch for user ID: 1
[2025-05-24 10:01:48] Database connection successful
[2025-05-24 10:01:48] Successfully prepared course progress data
[2025-05-24 10:02:48] Starting progress fetch for user ID: 1
[2025-05-24 10:02:48] Database connection successful
[2025-05-24 10:02:48] Successfully prepared course progress data
[2025-05-24 10:03:48] Starting progress fetch for user ID: 1
[2025-05-24 10:03:48] Database connection successful
[2025-05-24 10:03:48] Successfully prepared course progress data
[2025-05-24 10:04:48] Starting progress fetch for user ID: 1
[2025-05-24 10:04:48] Database connection successful
[2025-05-24 10:04:48] Successfully prepared course progress data
[2025-05-24 10:05:48] Starting progress fetch for user ID: 1
[2025-05-24 10:05:48] Database connection successful
[2025-05-24 10:05:48] Successfully prepared course progress data
[2025-05-24 10:06:48] Starting progress fetch for user ID: 1
[2025-05-24 10:06:48] Database connection successful
[2025-05-24 10:06:48] Successfully prepared course progress data
[2025-05-24 10:07:48] Starting progress fetch for user ID: 1
[2025-05-24 10:07:48] Database connection successful
[2025-05-24 10:07:48] Successfully prepared course progress data
[2025-05-24 10:08:48] Starting progress fetch for user ID: 1
[2025-05-24 10:08:48] Database connection successful
[2025-05-24 10:08:48] Successfully prepared course progress data
[2025-05-24 10:09:48] Starting progress fetch for user ID: 1
[2025-05-24 10:09:48] Database connection successful
[2025-05-24 10:09:48] Successfully prepared course progress data
[2025-05-24 10:10:48] Starting progress fetch for user ID: 1
[2025-05-24 10:10:48] Database connection successful
[2025-05-24 10:10:48] Successfully prepared course progress data
[2025-05-24 10:11:48] Starting progress fetch for user ID: 1
[2025-05-24 10:11:48] Database connection successful
[2025-05-24 10:11:48] Successfully prepared course progress data
[2025-05-24 10:12:48] Starting progress fetch for user ID: 1
[2025-05-24 10:12:48] Database connection successful
[2025-05-24 10:12:48] Successfully prepared course progress data
[2025-05-24 10:13:13] Starting progress fetch for user ID: 1
[2025-05-24 10:13:13] Database connection successful
[2025-05-24 10:13:13] Successfully prepared course progress data
[2025-05-24 10:13:42] Starting progress fetch for user ID: 1
[2025-05-24 10:13:42] Database connection successful
[2025-05-24 10:13:42] Successfully prepared course progress data
[2025-05-24 10:14:12] Starting progress fetch for user ID: 1
[2025-05-24 10:14:12] Database connection successful
[2025-05-24 10:14:12] Successfully prepared course progress data
[2025-05-24 10:14:48] Starting progress fetch for user ID: 1
[2025-05-24 10:14:48] Database connection successful
[2025-05-24 10:14:48] Successfully prepared course progress data
[2025-05-24 10:15:48] Starting progress fetch for user ID: 1
[2025-05-24 10:15:48] Database connection successful
[2025-05-24 10:15:48] Successfully prepared course progress data
[2025-05-24 10:16:48] Starting progress fetch for user ID: 1
[2025-05-24 10:16:48] Database connection successful
[2025-05-24 10:16:48] Successfully prepared course progress data
[2025-05-24 10:17:48] Starting progress fetch for user ID: 1
[2025-05-24 10:17:48] Database connection successful
[2025-05-24 10:17:48] Successfully prepared course progress data
[2025-05-24 10:18:48] Starting progress fetch for user ID: 1
[2025-05-24 10:18:48] Database connection successful
[2025-05-24 10:18:48] Successfully prepared course progress data
[2025-05-24 10:19:11] Starting progress fetch for user ID: 1
[2025-05-24 10:19:11] Database connection successful
[2025-05-24 10:19:11] Successfully prepared course progress data
[2025-05-24 10:19:41] Starting progress fetch for user ID: 1
[2025-05-24 10:19:41] Database connection successful
[2025-05-24 10:19:41] Successfully prepared course progress data
[2025-05-24 10:20:11] Starting progress fetch for user ID: 1
[2025-05-24 10:20:11] Database connection successful
[2025-05-24 10:20:11] Successfully prepared course progress data
[2025-05-24 10:20:41] Starting progress fetch for user ID: 1
[2025-05-24 10:20:41] Database connection successful
[2025-05-24 10:20:41] Successfully prepared course progress data
[2025-05-24 10:21:11] Starting progress fetch for user ID: 1
[2025-05-24 10:21:11] Database connection successful
[2025-05-24 10:21:11] Successfully prepared course progress data
[2025-05-24 10:21:17] Starting progress fetch for user ID: 1
[2025-05-24 10:21:17] Database connection successful
[2025-05-24 10:21:17] Successfully prepared course progress data
[2025-05-24 10:21:41] Starting progress fetch for user ID: 1
[2025-05-24 10:21:41] Database connection successful
[2025-05-24 10:21:41] Successfully prepared course progress data
[2025-05-24 10:21:48] Starting progress fetch for user ID: 1
[2025-05-24 10:21:48] Database connection successful
[2025-05-24 10:21:48] Successfully prepared course progress data
[2025-05-24 10:21:50] Starting progress fetch for user ID: 1
[2025-05-24 10:21:50] Database connection successful
[2025-05-24 10:21:50] Successfully prepared course progress data
[2025-05-24 10:22:11] Starting progress fetch for user ID: 1
[2025-05-24 10:22:11] Database connection successful
[2025-05-24 10:22:11] Successfully prepared course progress data
[2025-05-24 10:22:41] Starting progress fetch for user ID: 1
[2025-05-24 10:22:41] Database connection successful
[2025-05-24 10:22:41] Successfully prepared course progress data
[2025-05-24 10:23:11] Starting progress fetch for user ID: 1
[2025-05-24 10:23:11] Database connection successful
[2025-05-24 10:23:11] Successfully prepared course progress data
[2025-05-24 10:23:41] Starting progress fetch for user ID: 1
[2025-05-24 10:23:41] Database connection successful
[2025-05-24 10:23:41] Successfully prepared course progress data
[2025-05-24 10:24:11] Starting progress fetch for user ID: 1
[2025-05-24 10:24:11] Database connection successful
[2025-05-24 10:24:11] Successfully prepared course progress data
[2025-05-24 10:24:41] Starting progress fetch for user ID: 1
[2025-05-24 10:24:41] Database connection successful
[2025-05-24 10:24:41] Successfully prepared course progress data
[2025-05-24 10:25:11] Starting progress fetch for user ID: 1
[2025-05-24 10:25:11] Database connection successful
[2025-05-24 10:25:11] Successfully prepared course progress data
[2025-05-24 10:25:41] Starting progress fetch for user ID: 1
[2025-05-24 10:25:41] Database connection successful
[2025-05-24 10:25:41] Successfully prepared course progress data
[2025-05-24 10:26:11] Starting progress fetch for user ID: 1
[2025-05-24 10:26:11] Database connection successful
[2025-05-24 10:26:11] Successfully prepared course progress data
[2025-05-24 10:26:41] Starting progress fetch for user ID: 1
[2025-05-24 10:26:41] Database connection successful
[2025-05-24 10:26:41] Successfully prepared course progress data
[2025-05-24 10:27:11] Starting progress fetch for user ID: 1
[2025-05-24 10:27:11] Database connection successful
[2025-05-24 10:27:11] Successfully prepared course progress data
[2025-05-24 10:27:41] Starting progress fetch for user ID: 1
[2025-05-24 10:27:41] Database connection successful
[2025-05-24 10:27:41] Successfully prepared course progress data
[2025-05-24 10:28:11] Starting progress fetch for user ID: 1
[2025-05-24 10:28:11] Database connection successful
[2025-05-24 10:28:11] Successfully prepared course progress data
[2025-05-24 10:28:41] Starting progress fetch for user ID: 1
[2025-05-24 10:28:41] Database connection successful
[2025-05-24 10:28:41] Successfully prepared course progress data
[2025-05-24 10:29:11] Starting progress fetch for user ID: 1
[2025-05-24 10:29:11] Database connection successful
[2025-05-24 10:29:11] Successfully prepared course progress data
[2025-05-24 10:29:41] Starting progress fetch for user ID: 1
[2025-05-24 10:29:41] Database connection successful
[2025-05-24 10:29:41] Successfully prepared course progress data
[2025-05-24 10:30:11] Starting progress fetch for user ID: 1
[2025-05-24 10:30:11] Database connection successful
[2025-05-24 10:30:11] Successfully prepared course progress data
[2025-05-24 10:30:41] Starting progress fetch for user ID: 1
[2025-05-24 10:30:41] Database connection successful
[2025-05-24 10:30:41] Successfully prepared course progress data
[2025-05-24 10:31:12] Starting progress fetch for user ID: 1
[2025-05-24 10:31:12] Database connection successful
[2025-05-24 10:31:12] Successfully prepared course progress data
[2025-05-24 11:37:36] Starting progress fetch for user ID: 1
[2025-05-24 11:37:36] Database connection successful
[2025-05-24 11:37:36] Successfully prepared course progress data
[2025-05-24 11:38:27] Starting progress fetch for user ID: 1
[2025-05-24 11:38:27] Database connection successful
[2025-05-24 11:38:27] Successfully prepared course progress data
[2025-05-24 11:38:57] Starting progress fetch for user ID: 1
[2025-05-24 11:38:57] Database connection successful
[2025-05-24 11:38:57] Successfully prepared course progress data
[2025-05-24 11:39:05] Starting progress fetch for user ID: 1
[2025-05-24 11:39:05] Database connection successful
[2025-05-24 11:39:05] Successfully prepared course progress data
[2025-05-24 11:39:27] Starting progress fetch for user ID: 1
[2025-05-24 11:39:27] Database connection successful
[2025-05-24 11:39:27] Successfully prepared course progress data
[2025-05-24 11:39:57] Starting progress fetch for user ID: 1
[2025-05-24 11:39:57] Database connection successful
[2025-05-24 11:39:57] Successfully prepared course progress data
[2025-05-24 11:40:27] Starting progress fetch for user ID: 1
[2025-05-24 11:40:27] Database connection successful
[2025-05-24 11:40:27] Successfully prepared course progress data
[2025-05-24 11:40:57] Starting progress fetch for user ID: 1
[2025-05-24 11:40:57] Database connection successful
[2025-05-24 11:40:57] Successfully prepared course progress data
[2025-05-24 11:41:27] Starting progress fetch for user ID: 1
[2025-05-24 11:41:27] Database connection successful
[2025-05-24 11:41:27] Successfully prepared course progress data
[2025-05-24 11:41:41] Starting progress fetch for user ID: 1
[2025-05-24 11:41:41] Database connection successful
[2025-05-24 11:41:41] Successfully prepared course progress data
[2025-05-24 11:41:57] Starting progress fetch for user ID: 1
[2025-05-24 11:41:57] Database connection successful
[2025-05-24 11:41:57] Successfully prepared course progress data
[2025-05-24 11:42:19] Starting progress fetch for user ID: 2
[2025-05-24 11:42:19] Database connection successful
[2025-05-24 11:42:19] Created new progress record for course 1
[2025-05-24 11:42:19] Created new progress record for course 2
[2025-05-24 11:42:19] Created new progress record for course 3
[2025-05-24 11:42:19] Created new progress record for course 4
[2025-05-24 11:42:19] Created new progress record for course 5
[2025-05-24 11:42:19] Successfully prepared course progress data
[2025-05-24 11:42:32] Starting progress fetch for user ID: 2
[2025-05-24 11:42:32] Database connection successful
[2025-05-24 11:42:32] Successfully prepared course progress data
[2025-05-24 11:42:34] Starting progress fetch for user ID: 2
[2025-05-24 11:42:34] Database connection successful
[2025-05-24 11:42:34] Successfully prepared course progress data
[2025-05-24 11:42:47] Starting progress fetch for user ID: 2
[2025-05-24 11:42:47] Database connection successful
[2025-05-24 11:42:47] Successfully prepared course progress data
[2025-05-24 11:43:09] Starting progress fetch for user ID: 2
[2025-05-24 11:43:09] Database connection successful
[2025-05-24 11:43:09] Successfully prepared course progress data
[2025-05-24 11:43:17] Starting progress fetch for user ID: 2
[2025-05-24 11:43:17] Database connection successful
[2025-05-24 11:43:17] Successfully prepared course progress data
[2025-05-24 11:43:26] Starting progress fetch for user ID: 2
[2025-05-24 11:43:26] Database connection successful
[2025-05-24 11:43:26] Successfully prepared course progress data
[2025-05-24 11:43:56] Starting progress fetch for user ID: 2
[2025-05-24 11:43:56] Database connection successful
[2025-05-24 11:43:56] Successfully prepared course progress data
[2025-05-24 11:44:26] Starting progress fetch for user ID: 2
[2025-05-24 11:44:26] Database connection successful
[2025-05-24 11:44:26] Successfully prepared course progress data
[2025-05-24 11:44:56] Starting progress fetch for user ID: 2
[2025-05-24 11:44:56] Database connection successful
[2025-05-24 11:44:56] Successfully prepared course progress data
[2025-05-24 11:45:26] Starting progress fetch for user ID: 2
[2025-05-24 11:45:26] Database connection successful
[2025-05-24 11:45:26] Successfully prepared course progress data
[2025-05-24 11:45:56] Starting progress fetch for user ID: 2
[2025-05-24 11:45:56] Database connection successful
[2025-05-24 11:45:56] Successfully prepared course progress data
[2025-05-24 11:46:26] Starting progress fetch for user ID: 2
[2025-05-24 11:46:26] Database connection successful
[2025-05-24 11:46:26] Successfully prepared course progress data
[2025-05-24 11:46:56] Starting progress fetch for user ID: 2
[2025-05-24 11:46:56] Database connection successful
[2025-05-24 11:46:56] Successfully prepared course progress data
[2025-05-24 11:47:19] Starting progress fetch for user ID: 2
[2025-05-24 11:47:19] Database connection successful
[2025-05-24 11:47:19] Successfully prepared course progress data
[2025-05-24 11:47:21] Starting progress fetch for user ID: 2
[2025-05-24 11:47:21] Database connection successful
[2025-05-24 11:47:21] Successfully prepared course progress data
[2025-05-24 11:49:33] Starting progress fetch for user ID: 2
[2025-05-24 11:49:33] Database connection successful
[2025-05-24 11:49:33] Successfully prepared course progress data
[2025-05-24 11:49:58] Starting progress fetch for user ID: 3
[2025-05-24 11:49:58] Database connection successful
[2025-05-24 11:49:58] Created new progress record for course 1
[2025-05-24 11:49:58] Created new progress record for course 2
[2025-05-24 11:49:58] Created new progress record for course 3
[2025-05-24 11:49:58] Created new progress record for course 4
[2025-05-24 11:49:58] Created new progress record for course 5
[2025-05-24 11:49:58] Successfully prepared course progress data
[2025-05-24 11:50:06] Starting progress fetch for user ID: 3
[2025-05-24 11:50:06] Database connection successful
[2025-05-24 11:50:06] Successfully prepared course progress data
[2025-05-24 13:09:41] User not logged in
[2025-05-24 13:10:00] Starting progress fetch for user ID: 3
[2025-05-24 13:10:00] Database connection successful
[2025-05-24 13:10:00] Successfully prepared course progress data
[2025-05-24 13:17:10] Starting progress fetch for user ID: 3
[2025-05-24 13:17:10] Database connection successful
[2025-05-24 13:17:10] Successfully prepared course progress data
[2025-05-24 13:25:34] Starting progress fetch for user ID: 3
[2025-05-24 13:25:34] Database connection successful
[2025-05-24 13:25:34] Successfully prepared course progress data
[2025-05-24 13:25:48] Starting progress fetch for user ID: 3
[2025-05-24 13:25:48] Database connection successful
[2025-05-24 13:25:48] Successfully prepared course progress data
[2025-05-24 13:26:26] Starting progress fetch for user ID: 3
[2025-05-24 13:26:26] Database connection successful
[2025-05-24 13:26:26] Successfully prepared course progress data
[2025-05-24 13:26:48] Starting progress fetch for user ID: 3
[2025-05-24 13:26:48] Database connection successful
[2025-05-24 13:26:48] Successfully prepared course progress data
[2025-05-24 13:26:53] Starting progress fetch for user ID: 3
[2025-05-24 13:26:53] Database connection successful
[2025-05-24 13:26:53] Successfully prepared course progress data
[2025-05-24 13:27:19] Starting progress fetch for user ID: 3
[2025-05-24 13:27:19] Database connection successful
[2025-05-24 13:27:19] Successfully prepared course progress data
[2025-05-24 13:27:49] Starting progress fetch for user ID: 3
[2025-05-24 13:27:49] Database connection successful
[2025-05-24 13:27:49] Successfully prepared course progress data
[2025-05-24 13:28:19] Starting progress fetch for user ID: 3
[2025-05-24 13:28:19] Database connection successful
[2025-05-24 13:28:19] Successfully prepared course progress data
[2025-05-24 13:28:37] Starting progress fetch for user ID: 3
[2025-05-24 13:28:37] Database connection successful
[2025-05-24 13:28:37] Successfully prepared course progress data
[2025-05-24 13:28:39] Starting progress fetch for user ID: 3
[2025-05-24 13:28:39] Database connection successful
[2025-05-24 13:28:39] Successfully prepared course progress data
[2025-05-24 13:28:41] Starting progress fetch for user ID: 3
[2025-05-24 13:28:41] Database connection successful
[2025-05-24 13:28:41] Successfully prepared course progress data
[2025-05-24 13:28:42] Starting progress fetch for user ID: 3
[2025-05-24 13:28:42] Database connection successful
[2025-05-24 13:28:42] Successfully prepared course progress data
[2025-05-24 13:28:47] Starting progress fetch for user ID: 3
[2025-05-24 13:28:47] Database connection successful
[2025-05-24 13:28:47] Successfully prepared course progress data
[2025-05-24 13:29:12] Starting progress fetch for user ID: 3
[2025-05-24 13:29:12] Database connection successful
[2025-05-24 13:29:12] Successfully prepared course progress data
[2025-05-24 13:29:36] Starting progress fetch for user ID: 3
[2025-05-24 13:29:36] Database connection successful
[2025-05-24 13:29:36] Successfully prepared course progress data
[2025-05-24 13:31:23] Starting progress fetch for user ID: 4
[2025-05-24 13:31:23] Database connection successful
[2025-05-24 13:31:23] Created new progress record for course 2
[2025-05-24 13:31:23] Created new progress record for course 3
[2025-05-24 13:31:23] Created new progress record for course 4
[2025-05-24 13:31:23] Created new progress record for course 5
[2025-05-24 13:31:23] Successfully prepared course progress data
[2025-05-24 13:31:26] Starting progress fetch for user ID: 4
[2025-05-24 13:31:26] Database connection successful
[2025-05-24 13:31:26] Successfully prepared course progress data
[2025-05-24 13:31:43] Starting progress fetch for user ID: 4
[2025-05-24 13:31:43] Database connection successful
[2025-05-24 13:31:43] Successfully prepared course progress data
[2025-05-24 13:31:54] Starting progress fetch for user ID: 4
[2025-05-24 13:31:54] Database connection successful
[2025-05-24 13:31:54] Successfully prepared course progress data
[2025-05-24 13:32:24] Starting progress fetch for user ID: 4
[2025-05-24 13:32:24] Database connection successful
[2025-05-24 13:32:24] Created new progress record for course 1
[2025-05-24 13:32:24] Created new progress record for course 2
[2025-05-24 13:32:24] Created new progress record for course 3
[2025-05-24 13:32:24] Created new progress record for course 4
[2025-05-24 13:32:24] Created new progress record for course 5
[2025-05-24 13:32:24] Successfully prepared course progress data
[2025-05-24 13:32:28] Starting progress fetch for user ID: 4
[2025-05-24 13:32:28] Database connection successful
[2025-05-24 13:32:28] Successfully prepared course progress data
[2025-05-24 13:32:30] Starting progress fetch for user ID: 4
[2025-05-24 13:32:30] Database connection successful
[2025-05-24 13:32:30] Successfully prepared course progress data
[2025-05-24 13:32:38] Starting progress fetch for user ID: 4
[2025-05-24 13:32:38] Database connection successful
[2025-05-24 13:32:38] Successfully prepared course progress data
[2025-05-24 13:32:49] Starting progress fetch for user ID: 4
[2025-05-24 13:32:49] Database connection successful
[2025-05-24 13:32:49] Successfully prepared course progress data
[2025-05-24 13:33:19] Starting progress fetch for user ID: 4
[2025-05-24 13:33:19] Database connection successful
[2025-05-24 13:33:19] Successfully prepared course progress data
[2025-05-24 13:33:38] Starting progress fetch for user ID: 4
[2025-05-24 13:33:38] Database connection successful
[2025-05-24 13:33:38] Successfully prepared course progress data
[2025-05-24 13:33:49] Starting progress fetch for user ID: 4
[2025-05-24 13:33:49] Database connection successful
[2025-05-24 13:33:49] Created new progress record for course 1
[2025-05-24 13:33:49] Created new progress record for course 2
[2025-05-24 13:33:49] Created new progress record for course 3
[2025-05-24 13:33:49] Created new progress record for course 4
[2025-05-24 13:33:49] Created new progress record for course 5
[2025-05-24 13:33:49] Successfully prepared course progress data
[2025-05-24 13:33:54] Starting progress fetch for user ID: 4
[2025-05-24 13:33:54] Database connection successful
[2025-05-24 13:33:54] Successfully prepared course progress data
[2025-05-24 13:34:04] Starting progress fetch for user ID: 4
[2025-05-24 13:34:04] Database connection successful
[2025-05-24 13:34:04] Successfully prepared course progress data
[2025-05-24 13:34:35] Starting progress fetch for user ID: 4
[2025-05-24 13:34:35] Database connection successful
[2025-05-24 13:34:35] Successfully prepared course progress data
[2025-05-24 13:34:45] Starting progress fetch for user ID: 4
[2025-05-24 13:34:45] Database connection successful
[2025-05-24 13:34:45] Successfully prepared course progress data
[2025-05-24 13:34:53] Starting progress fetch for user ID: 4
[2025-05-24 13:34:53] Database connection successful
[2025-05-24 13:34:53] Created new progress record for course 1
[2025-05-24 13:34:53] Created new progress record for course 2
[2025-05-24 13:34:53] Created new progress record for course 3
[2025-05-24 13:34:53] Created new progress record for course 4
[2025-05-24 13:34:53] Created new progress record for course 5
[2025-05-24 13:34:53] Successfully prepared course progress data
[2025-05-24 13:34:54] Starting progress fetch for user ID: 4
[2025-05-24 13:34:54] Database connection successful
[2025-05-24 13:34:54] Successfully prepared course progress data
[2025-05-24 13:34:55] Starting progress fetch for user ID: 4
[2025-05-24 13:34:55] Database connection successful
[2025-05-24 13:34:55] Successfully prepared course progress data
[2025-05-24 13:35:04] Starting progress fetch for user ID: 4
[2025-05-24 13:35:04] Database connection successful
[2025-05-24 13:35:04] Successfully prepared course progress data
[2025-05-24 13:35:33] Starting progress fetch for user ID: 4
[2025-05-24 13:35:33] Database connection successful
[2025-05-24 13:35:33] Successfully prepared course progress data
[2025-05-24 13:35:34] Starting progress fetch for user ID: 4
[2025-05-24 13:35:34] Database connection successful
[2025-05-24 13:35:34] Successfully prepared course progress data
[2025-05-24 13:35:47] Starting progress fetch for user ID: 4
[2025-05-24 13:35:47] Database connection successful
[2025-05-24 13:35:47] Created new progress record for course 1
[2025-05-24 13:35:47] Created new progress record for course 2
[2025-05-24 13:35:47] Created new progress record for course 3
[2025-05-24 13:35:47] Created new progress record for course 4
[2025-05-24 13:35:47] Created new progress record for course 5
[2025-05-24 13:35:47] Successfully prepared course progress data
[2025-05-24 13:35:59] Starting progress fetch for user ID: 4
[2025-05-24 13:35:59] Database connection successful
[2025-05-24 13:35:59] Successfully prepared course progress data
[2025-05-24 13:36:30] Starting progress fetch for user ID: 4
[2025-05-24 13:36:30] Database connection successful
[2025-05-24 13:36:30] Successfully prepared course progress data
[2025-05-24 13:37:00] Starting progress fetch for user ID: 4
[2025-05-24 13:37:00] Database connection successful
[2025-05-24 13:37:00] Successfully prepared course progress data
[2025-05-24 13:37:12] Starting progress fetch for user ID: 4
[2025-05-24 13:37:12] Database connection successful
[2025-05-24 13:37:12] Successfully prepared course progress data
[2025-05-24 13:37:30] Starting progress fetch for user ID: 4
[2025-05-24 13:37:30] Database connection successful
[2025-05-24 13:37:30] Successfully prepared course progress data
[2025-05-24 13:37:56] Starting progress fetch for user ID: 4
[2025-05-24 13:37:56] Database connection successful
[2025-05-24 13:37:56] Successfully prepared course progress data
[2025-05-24 13:38:00] Starting progress fetch for user ID: 4
[2025-05-24 13:38:00] Database connection successful
[2025-05-24 13:38:00] Successfully prepared course progress data
[2025-05-24 13:38:30] Starting progress fetch for user ID: 4
[2025-05-24 13:38:30] Database connection successful
[2025-05-24 13:38:30] Successfully prepared course progress data
[2025-05-24 13:38:39] Starting progress fetch for user ID: 4
[2025-05-24 13:38:39] Database connection successful
[2025-05-24 13:38:39] Successfully prepared course progress data
[2025-05-24 13:38:47] Starting progress fetch for user ID: 4
[2025-05-24 13:38:47] Database connection successful
[2025-05-24 13:38:48] Created new progress record for course 1
[2025-05-24 13:38:48] Created new progress record for course 2
[2025-05-24 13:38:48] Created new progress record for course 3
[2025-05-24 13:38:48] Created new progress record for course 4
[2025-05-24 13:38:48] Created new progress record for course 5
[2025-05-24 13:38:48] Successfully prepared course progress data
[2025-05-24 13:38:59] Starting progress fetch for user ID: 4
[2025-05-24 13:38:59] Database connection successful
[2025-05-24 13:38:59] Successfully prepared course progress data
[2025-05-24 13:39:30] Starting progress fetch for user ID: 4
[2025-05-24 13:39:30] Database connection successful
[2025-05-24 13:39:30] Successfully prepared course progress data
[2025-05-24 13:40:00] Starting progress fetch for user ID: 4
[2025-05-24 13:40:00] Database connection successful
[2025-05-24 13:40:00] Successfully prepared course progress data
[2025-05-24 13:40:15] Starting progress fetch for user ID: 4
[2025-05-24 13:40:15] Database connection successful
[2025-05-24 13:40:15] Successfully prepared course progress data
[2025-05-24 13:40:25] Starting progress fetch for user ID: 4
[2025-05-24 13:40:25] Database connection successful
[2025-05-24 13:40:25] Created new progress record for course 1
[2025-05-24 13:40:25] Created new progress record for course 2
[2025-05-24 13:40:25] Created new progress record for course 3
[2025-05-24 13:40:25] Created new progress record for course 4
[2025-05-24 13:40:25] Created new progress record for course 5
[2025-05-24 13:40:25] Successfully prepared course progress data
[2025-05-24 13:40:26] Starting progress fetch for user ID: 4
[2025-05-24 13:40:26] Database connection successful
[2025-05-24 13:40:26] Successfully prepared course progress data
[2025-05-24 13:40:27] Starting progress fetch for user ID: 4
[2025-05-24 13:40:27] Database connection successful
[2025-05-24 13:40:27] Successfully prepared course progress data
[2025-05-24 13:40:28] Starting progress fetch for user ID: 4
[2025-05-24 13:40:28] Database connection successful
[2025-05-24 13:40:28] Successfully prepared course progress data
[2025-05-24 13:40:44] Starting progress fetch for user ID: 4
[2025-05-24 13:40:44] Database connection successful
[2025-05-24 13:40:44] Successfully prepared course progress data
[2025-05-24 13:41:15] Starting progress fetch for user ID: 4
[2025-05-24 13:41:15] Database connection successful
[2025-05-24 13:41:15] Successfully prepared course progress data
[2025-05-24 13:41:45] Starting progress fetch for user ID: 4
[2025-05-24 13:41:45] Database connection successful
[2025-05-24 13:41:45] Successfully prepared course progress data
[2025-05-24 13:41:55] Starting progress fetch for user ID: 4
[2025-05-24 13:41:55] Database connection successful
[2025-05-24 13:41:55] Successfully prepared course progress data
[2025-05-24 13:41:57] Starting progress fetch for user ID: 4
[2025-05-24 13:41:57] Database connection successful
[2025-05-24 13:41:57] Successfully prepared course progress data
[2025-05-24 13:41:58] Starting progress fetch for user ID: 4
[2025-05-24 13:41:58] Database connection successful
[2025-05-24 13:41:58] Successfully prepared course progress data
[2025-05-24 13:41:58] Starting progress fetch for user ID: 4
[2025-05-24 13:41:58] Database connection successful
[2025-05-24 13:41:58] Successfully prepared course progress data
[2025-05-24 13:42:07] Starting progress fetch for user ID: 4
[2025-05-24 13:42:07] Database connection successful
[2025-05-24 13:42:07] Successfully prepared course progress data
[2025-05-24 13:42:10] Starting progress fetch for user ID: 4
[2025-05-24 13:42:10] Database connection successful
[2025-05-24 13:42:10] Successfully prepared course progress data
[2025-05-24 13:43:11] Starting progress fetch for user ID: 5
[2025-05-24 13:43:11] Database connection successful
[2025-05-24 13:43:11] Created new progress record for course 1
[2025-05-24 13:43:11] Created new progress record for course 2
[2025-05-24 13:43:11] Created new progress record for course 3
[2025-05-24 13:43:11] Created new progress record for course 4
[2025-05-24 13:43:11] Created new progress record for course 5
[2025-05-24 13:43:11] Successfully prepared course progress data
[2025-05-24 13:43:21] Starting progress fetch for user ID: 5
[2025-05-24 13:43:21] Database connection successful
[2025-05-24 13:43:22] Successfully prepared course progress data
[2025-05-24 13:43:52] Starting progress fetch for user ID: 5
[2025-05-24 13:43:52] Database connection successful
[2025-05-24 13:43:52] Successfully prepared course progress data
[2025-05-24 13:44:22] Starting progress fetch for user ID: 5
[2025-05-24 13:44:22] Database connection successful
[2025-05-24 13:44:22] Successfully prepared course progress data
[2025-05-24 13:44:22] Starting progress fetch for user ID: 5
[2025-05-24 13:44:22] Database connection successful
[2025-05-24 13:44:22] Successfully prepared course progress data
[2025-05-24 13:44:24] Starting progress fetch for user ID: 5
[2025-05-24 13:44:24] Database connection successful
[2025-05-24 13:44:24] Successfully prepared course progress data
[2025-05-24 13:44:32] Starting progress fetch for user ID: 5
[2025-05-24 13:44:32] Database connection successful
[2025-05-24 13:44:32] Successfully prepared course progress data
[2025-05-24 13:44:38] Starting progress fetch for user ID: 5
[2025-05-24 13:44:38] Database connection successful
[2025-05-24 13:44:38] Successfully prepared course progress data
[2025-05-24 13:45:14] Starting progress fetch for user ID: 5
[2025-05-24 13:45:14] Database connection successful
[2025-05-24 13:45:14] Successfully prepared course progress data
[2025-05-24 13:45:25] Starting progress fetch for user ID: 5
[2025-05-24 13:45:25] Database connection successful
[2025-05-24 13:45:25] Successfully prepared course progress data
[2025-05-24 13:45:35] Starting progress fetch for user ID: 5
[2025-05-24 13:45:35] Database connection successful
[2025-05-24 13:45:35] Successfully prepared course progress data
[2025-05-24 13:46:06] Starting progress fetch for user ID: 5
[2025-05-24 13:46:06] Database connection successful
[2025-05-24 13:46:06] Successfully prepared course progress data
[2025-05-24 13:46:36] Starting progress fetch for user ID: 5
[2025-05-24 13:46:36] Database connection successful
[2025-05-24 13:46:36] Successfully prepared course progress data
[2025-05-24 13:46:54] Starting progress fetch for user ID: 5
[2025-05-24 13:46:54] Database connection successful
[2025-05-24 13:46:54] Successfully prepared course progress data
[2025-05-24 14:20:09] User not logged in
[2025-05-24 16:09:40] Starting progress fetch for user ID: 6
[2025-05-24 16:09:40] Database connection successful
[2025-05-24 16:09:40] Created new progress record for course 1
[2025-05-24 16:09:40] Created new progress record for course 2
[2025-05-24 16:09:40] Created new progress record for course 3
[2025-05-24 16:09:40] Created new progress record for course 4
[2025-05-24 16:09:40] Created new progress record for course 5
[2025-05-24 16:09:40] Successfully prepared course progress data
[2025-05-24 16:11:14] Starting progress fetch for user ID: 6
[2025-05-24 16:11:14] Database connection successful
[2025-05-24 16:11:14] Successfully prepared course progress data
[2025-05-24 16:12:40] Starting progress fetch for user ID: 6
[2025-05-24 16:12:40] Database connection successful
[2025-05-24 16:12:40] Successfully prepared course progress data
[2025-05-24 16:13:56] Starting progress fetch for user ID: 6
[2025-05-24 16:13:56] Database connection successful
[2025-05-24 16:13:56] Successfully prepared course progress data
[2025-05-24 16:14:29] Starting progress fetch for user ID: 6
[2025-05-24 16:14:29] Database connection successful
[2025-05-24 16:14:29] Successfully prepared course progress data
[2025-05-24 16:14:42] Starting progress fetch for user ID: 6
[2025-05-24 16:14:42] Database connection successful
[2025-05-24 16:14:42] Successfully prepared course progress data
[2025-05-24 16:15:02] Starting progress fetch for user ID: 6
[2025-05-24 16:15:02] Database connection successful
[2025-05-24 16:15:02] Successfully prepared course progress data
[2025-05-24 16:15:40] Starting progress fetch for user ID: 6
[2025-05-24 16:15:40] Database connection successful
[2025-05-24 16:15:40] Successfully prepared course progress data
